Git是一个本地化的仓库
在Git中文件的修改一般分为三个区域
① 工作区：当前正在编辑代码的目录
② 暂存区：执行add时将文件添加到暂存
③ 版本库（repository）：执行comiit，暂存区的内容会提交到Git的版本库，作为一个新的版本

==========常用命令===========
1. 使用git init来初始化，会生成一个.git文件夹，该目录就变成Git仓库了。

2. 通过 git add 文件名 将笔记文件添加到Git暂存区
    如果有多个文件 git add .，他会将所有发生修改或新增/删除的文件加入暂存区


2.5 通过 git status来查看当前暂存区的状态

xli1@PF5B6S8R:~/workspace/git-learning$ git status
On branch master

No commits yet

Changes to be committed:
  (use "git rm --cached <file>..." to unstage)
        new file:   file1 - コピー (2).txt:Zone.Identifier
        new file:   file1 - コピー.txt:Zone.Identifier
        new file:   file1.txt
        new file:   file2.txt
        new file:   file3.txt
        new file:   笔记.txt


3. git commit 会把暂存区的内容提交到Git本地仓库作为一个新的版本
还可以通过 -m "添加提交说明"

xli1@PF5B6S8R:~/workspace/git-learning$ git commit -m "第一次提交"
[master (root-commit) 78f86f8] 第一次提交
 6 files changed, 3 insertions(+)
 create mode 100644 file1 - コピー (2).txt:Zone.Identifier
 create mode 100644 file1 - コピー.txt:Zone.Identifier
 create mode 100644 file1.txt
 create mode 100644 file2.txt
 create mode 100644 file3.txt
 create mode 100644 笔记.txt

3.5 通过git log查看仓库版本和提交历史
* 注意 git status是针对暂存区的，git log是查看当前仓库版本commit

xli1@PF5B6S8R:~/workspace/git-learning$ git log
commit 78f86f8f74a4ce224d9312d37d0f9189af6ffdb1 (HEAD -> master)
Author: Xinyu Li <xinyu.li.jn@hitachi.com>
Date:   Fri Jul 11 09:47:28 2025 +0900

    第一次提交

这里commit 78f86f8f74a4ce224d9312d37d0f9189af6ffdb1 (HEAD -> master) 是指当前HEAD指针指向的 commit ID (哈希值)

什么是HEAD？HEAD是一个指针，告诉你当前在哪个分支，中的哪个commit（提交的版本）
例如，当你连续提交三个版本A，B，C时：
A —— B ——  C （master）
          ↑
         HEAD

4. 回滚
· 如果没有提交到暂存区，只是修改了文件：通过git checkout即可将修改的文件撤回
· 如果只是将修改的文件提交到了暂存区：通过 git reset 文件名将暂存区的文件删除，之后通过 git checkout 文件名将修改的文件撤销回修改前

--已经提交的commit进行回滚的两种办法--
① git revert commit ID
Revert会在当前分支生成一个新的commit（版本3） ，它的内容和版本1是一样的。
注意：版本2 依然存在，不会被删除。如下图：
A —— B ——  C （master）
          ↑
         HEAD


如果这种情况下，想再次回退到版本2怎么办？
当然可以继续revert生成版本4；不过也可以通过 git reset --hard commitID
这样HEAD会直接指向B，但是C之后的所有commit都会被丢弃！！

② git checkout A
那么此时HEAD会被移动到A，但是如果在A上做新的修改并commit，那么这个新的commit会从A中分叉出一条新的branch！
假设你回退到了版本A
A —— B —— C （master）
↑
HEAD

此时的HEAD虽然指向了A，但HEAD并没有指向master分支！！！
这种情况叫做 Detached HEAD 状态

对A进行了新的修改并git commit：
A —— B —— C （master）
 \
  D （新的commit）
本来在master分支的，跑到了新分支创建了D，且该分支无名称


如果继续提交：
A —— B —— C （master）
 \
  D —— E —— F （HEAD）

解决方法：
· 可以通过 git branch 新名字 来给Detached HEAD分支起名
· 与其先 checkout 然后 branch，Git 也支持一步到位git checkout -b 新分支名字 A
· 还可以让detached Head重新指回master分支，git checkout master

一步到位的指令：
git commit -a -m "评论内容" 

******************分支相关*******************
git branch 查看所有本地分支，并用*标注当前所在的分支
* master
  develop
  feature/login

git branch 新名字	基于当前提交创建一个新分支

git checkout branch_name 切换到某个分支

一步到位：创建新分支并切换 git checkout -b 新分支名

分支合并merge：指把一个分支的改动（假设各自完成了各自的功能）合并到另一个分支形成一个新的commit

假设初始现状是：
master: A —— B
             \
feature:      C —— D

目前在分支feature的D上，现在我们要把D合并回master
首先切回master: git checkout master
然后合并：git merge feature

A —— B ——--- E（合并点）
      \     /
       C——D

合并可能遇到冲突：
如果两个分支改了同一个文件的同一行 → Git 无法自动合并 → 冲突（conflict）。

解决冲突步骤：
1️⃣ Git会提示哪些文件冲突
2️⃣ 修改冲突 → 保存
3️⃣ git add 冲突文件 → 标记为已解决
4️⃣ git commit


**************远程分支***************
远程分支是将仓库托管在远程仓库（Github，Gitlab，Gitee）的分支。
本地分支和远程分支是不同的，他们之间可以通过pull/push进行同步

① 查看当前本地仓库对应的远程仓库：git remote -v
Git 本身不直接绑定账号，它只认：远程仓库地址（URL）和 凭证（Credential），凭证分为HTTPS（用户名+密码）或者SSH（SSH Key、Token）
通过 ssh -T git@gitlab.com 可以告诉你用的哪个gitlab账号

② 克隆远程仓库：git clone 仓库地址
可以直接将远程仓库下载下来并建立和远程仓库的关联

③ 建立和远程仓库的连接（通过SSH）
1️⃣首先检查是否有公私钥：ls ~/.ssh
id_ed25519  id_ed25519.pub  
id_ed25519 ➔ 这是你的 私钥（千万不要泄露！）
id_ed25519.pub ➔ 这是你的 公钥（可以分享给GitHub、GitLab等）

如果没有，生成SSH Key：ssh-keygen -t ed25519 -C "你的GitHub邮箱"

之后检查显示公钥内容：cat ~/.ssh/ide_ed25119.pub
2️⃣登录 GitHub → 右上角头像 → Settings → SSH and GPG keys → New SSH key。
3️⃣ Title 随便写（比如：My Laptop）
4️⃣ Key 直接粘贴刚才的公钥内容。
通过ssh -T git@github.com (第一次连接需要同意协议）
xli1@PF5B6S8R:~/workspace/git-learning$ ssh -T git@github.com
Hi Lxinyu1999! You've successfully authenticated, but GitHub does not provide shell access.

⑤ 给当前本地项目添加远程仓库（假设已经在github上有一个远程仓库的情况）
git remote add origin git@github.com:Lxinyu1999/项目名
项目链接在github上的SSH mini dash可以看到
检查是否连接上：git remote -v
origin  git@github.com:Lxinyu1999/learngit.git (fetch)
origin  git@github.com:Lxinyu1999/learngit.git (push)

⑥ 拉取GitHub上的代码
由于现在都推荐用main，我们把本地的分支名字改一下
git branch -m master main

git pull origin main --allow-unrelated-histories
--allow-unrelated-histories 参数的意思是：即使两个仓库是完全不同的历史，也允许合并。


⑦ 推送到Github

-u命令可以将本地的main分支默认对应到github远程 origin/main 分支：git push -u origin main 
之后就只需要git push, git pull就行了，不需要每次都指定名字：git push origin master